// Vitest Snapshot v1, https://vitest.dev/guide/snapshot.html

exports[`applyEdgeDefaults > roundtrip: parsed edges with defaults render correctly 1`] = `
[
  {
    "id": "Pending->Complete.Success-0",
    "label": "success",
    "source": "Pending",
    "sourceHandle": "Bottom-s",
    "target": "Complete.Success",
    "targetHandle": "Top-t",
  },
  {
    "id": "Pending->Complete.Error-1",
    "label": "error",
    "source": "Pending",
    "sourceHandle": "Bottom-s",
    "target": "Complete.Error",
    "targetHandle": "Top-t",
  },
]
`;
